{
  "key": "plugin_content_manager_configuration_components::shared.approved",
  "value": {
    "uid": "shared.approved",
    "settings": {
      "bulkable": true,
      "filterable": true,
      "searchable": true,
      "pageSize": 10,
      "mainField": "id",
      "defaultSortBy": "id",
      "defaultSortOrder": "ASC"
    },
    "metadatas": {
      "id": {
        "edit": {},
        "list": {
          "label": "id",
          "searchable": false,
          "sortable": false
        }
      },
      "approved": {
        "edit": {
          "label": "approved",
          "description": "",
          "placeholder": "",
          "visible": true,
          "editable": true
        },
        "list": {
          "label": "approved",
          "searchable": true,
          "sortable": true
        }
      }
    },
    "layouts": {
      "list": [
        "id",
        "approved"
      ],
      "edit": [
        [
          {
            "name": "approved",
            "size": 4
          }
        ]
      ]
    },
    "isComponent": true
  },
  "type": "object",
  "environment": null,
  "tag": null
}